// Jest Snapshot v1, https://goo.gl/fbAQLP

exports[`<Button /> renders component 1`] = `
.c0 {
  border-radius: 8px;
  -webkit-transition: opacity 200ms ease-in-out;
  transition: opacity 200ms ease-in-out;
  background-color: #A7B0BE;
  font-size: 16px;
  font-weight: normal;
  line-height: 20px;
  font-weight: 600;
  width: 202px;
  height: 48px;
  border: 0;
  cursor: pointer;
  opacity: 1;
  width: 100%;
  background-color: #6324C6;
  background-color: #6324C6;
}

.c0:hover {
  opacity: 0.5;
}

.c0:disabled {
  cursor: not-allowed;
  opacity: 0.2;
}

@media screen and (min-width:768px) {
  .c0 {
    font-size: 20px;
    font-weight: 600;
    line-height: 25px;
  }
}

<button
  class="c0"
  color="shadesPurple"
>
  New
</button>
`;
