// Jest Snapshot v1, https://goo.gl/fbAQLP

exports[`<TextField /> renders component 1`] = `
.c0 {
  width: 100%;
  border: 1px solid #4C5667;
  padding: 12px 16px;
  outline: 0;
  border-radius: 8px;
  box-shadow: 0 10px 15px 0 rgba(111,30,81,0.05);
}

@media screen and (min-width:768px) {

}

<input
  class="c0"
  name="busca"
  placeholder="buscar posts"
  type="search"
  value="react"
/>
`;
